abadejo
aceite de girasol
aceite de maiz
aceite de nuez
aceite de oliva
aceite de oliva virgen
aceite de soja
aceite de sesamo
aceitunas con hueso
aceitunas sin hueso
acelgas congeladas
acelgas frescas
achicoria
agua
aguacate
aguardientes (50% vol)
aguardientes (50%vol)
ajo
albahaca fresca
albahaca seca
albaricoque
albaricoque desecado (orejones)
alcachofas en conserva
alcachofas frescas
alcaparras
alcaravea, semillas
algas kombu desecadas
algas nori desecadas
algas wakame desecadas
alioli
almejas
almendra sin cascara (n)
almendra tostada
alubias
anacardo sin cascara (n)
ancas de rana
anchoa
anchoas en aceite
angula
apio
arroz blanco
arroz blanco de coccion rapida
arroz blanco hervido (n)
arroz con leche
arroz integral
arroz integral hervido (n)
arroz salvaje
arroz salvaje cocido
arroz tres delicias crudo congelado
arandano
atun
atun en aceite
atun en conserva, al natural, escurrido
avellana sin cascara (n)
avena
avestruz, filete
azafran
azucar blanco
azucar moreno
bacaladilla
bacalao fresco
bacalao salado remojado
bacalao y pescados pobres en grasa, salados o ahumados
base de pizza
batata
batido de cacao
beicon o panceta ahumada
berberechos
berenjena
berros
besugo
biscotes
bizcocho (a)
bizcocho de soletilla
bogavante
bombones
boniato
bonito
bonito en aceite
bonito en escabeche
boqueron
borraja
breca
brotes de bambu, en conserva
brotes de lentejas
brecol
buey, solomillo
bulgur
butifarra
caballa
caballa y otros pescados en aceite
caballo, carne de
cabracho
cabrito
cafe, infusion
cacahuete sin cascara (n)
cacahuete tostado y salado, sin cascara
cacahuete, crema de
cacao en polvo azucarado (2,5 % grasa)
cacao en polvo azucarado (2,5% grasa)
cafe soluble en polvo
calabacin
calabaza
calamares y similares
calamares y similares en conserva
caldo de carne
caldo de pescado
caldo de pollo
caldo de verduras
caldo en cubitos
callos de ternera
canela molida
canelones (pasta)
cangrejos y similares
canonigos
caracoles
caramelos
cardamomo, semillas
cardo
cardo en conserva
carne de venado magra deshuesada
carne picada
castaña
castaña asada
cava (14%vol)
caviar
cebada en grano
cebada perlada, cocida
cebolla blanca
cebolla deshidratada en copos
cebolleta
centollo
cerdo, carne magra
cerdo, carne semigrasa
cerdo, chuleta
cerdo, lomo (3% grasa)
cerdo, paletilla
cerdo, solomillo
cereales (arroz inflado)
cereales (trigo inflado con miel)
cereales de desayuno
cereales integrales en copos
cerezas, guindas
cerveza (4%vol)
cerveza oscura (8%vol)
champiñon
champiñon en conserva
champan (14% vol)
chicharro
chicharrones
chile jalapeño
chirimoya
chirlas
chistorra
chocolate (a)
chocolate blanco
chocolate con leche
chocolate con leche y almendra
chocolate en polvo
chocolate negro
chocolate negro (45%-59% cacao)
chocolate negro (60%-69% cacao)
chocolate negro (70%-85% cacao)
chorizo (21 % grasa)
chorizo (21% grasa)
chucrut en conserva
chufa
cigalas
ciruela
ciruela seca sin hueso
clara de huevo
clavo
coco fresco
coco rallado
coco, leche
codorniz
col china
colas
coles
coles de bruselas
coliflor
compota, dulce de manzana
conejo, liebre
congrio
cordero, chuleta
cordero, otras piezas
cordero, pierna y paletilla
coñac (40%vol)
crema de cacao y avellanas
crema pastelera
cuajada
curry
dorada
datil seco con hueso
datil seco sin hueso
edulcorante liquido
empanadillas congeladas (h)
emperador
endibia
eneldo
escarola
espaguetis
espinacas
espinacas congeladas
espinacas en conserva
esparrago
esparrago en conserva
esparrago verde fresco
fideos
fideos de soba, japoneses
flan instantaneo en polvo, para reconstituir
foie-gras de higado de cerdo (30% grasa) (f)
foie-gras de higado de cerdo (42% grasa) (f)
frambuesa
fresa, freson
frijol negro
frutos secos, mezcla
fuet
fecula de patata
galletas (a)
galletas cubiertas de chocolate
galletas tipo cookies
galletas tipo cracker
galletas tipo maria
galletas tipo sandwich
gallina
gallo
gambas
gambas congeladas, peladas
garbanzos
garrofon seco
gaseosas
gaseosas sin calorias
gelatina en polvo
germen de trigo
granada
granadina, jarabe
grelos
grosella roja
guayaba
guindilla en polvo
guisantes congelados
guisantes desgranados
guisantes en conserva
guisantes secos
guisantes verdes frescos, con vaina
gulas refrigeradas/congeladas
habas con vaina
habas desgranadas
habas secas
halibut o fletan
hamburguesa cocinada (h)
harina de algarrobo
harina de maiz
harina de soja
harina de trigo blanca
harina de trigo integral
helado cremoso
helados
higos secos
higos, brevas
hinojo fresco
hojaldre congelado
hojas de parra
hongos desecados, siitake
huevas frescas
huevo de codorniz
huevo de gallina
higado de ternera
jabali, carne de
jamon cocido (york, dulce, etc.)
jamon iberico
jamon serrano
jamon serrano magro
jarabe
jengibre en polvo
jengibre fresco
judias blancas (en conserva)
judias blancas, judias pintas
judias verdes
jurel
kefir
ketchup
kiwi
lacon
lampuga
langosta
langostinos
lasaña (pasta)
laurel
leche condensada
leche de arroz
leche de avena
leche de oveja
leche de soja
leche de vaca desnatada
leche de vaca entera
leche de vaca semidesnatada
leche entera en polvo, sin diluir
leche evaporada entera
lechuga
lechuga tipo iceberg
lechuga, cogollos
lengua de ternera
lenguado
lenguado en filetes
lentejas
lentejas (en conserva)
levadura de panaderia seca
levadura fresca
levadura quimica en polvo
licores (50% vol)
licores (50%vol)
lima
limon
lombarda
lomo embuchado
lubina
macarrones
macedonia de frutas en su jugo
magdalenas (a)
mandarina
mango
manteca de cerdo
mantequilla
manzana
manzana al horno (con piel)
margarina
mayonesa comercial (k)
mayonesa comercial ligera
mazapan
maiz desgranado en conserva
maiz en grano para hacer palomitas
maiz en mazorca, cocida, congelada
maiz, copos
maiz, copos tostados y azucarados
mejillon
mejillon en conserva al natural
mejillon en escabeche
mejorana seca
melocoton
melocoton en almibar
melon
membrillo
membrillo, dulce de
menestra congelada
menta, yerbabuena, fresca
merluza
merluza congelada, lomos, corazones
merluza en filetes sin piel
mermelada
mermelada baja en calorias
mero
miel
mijo
miso
mollejas de cordero
mora
morcilla
mostaza
muesli
nabos
nachos
naranja
nata
nata liquida para cocinar (18% grasa)
nata liquida para cocinar (35% grasa)
nata montada
natillas
natillas de chocolate
nectarina
noodles de arroz
nueces con cascara
nueces sin cascara
nuez moscada
niscalo
nispero
oca, deshuesada, sin piel
oregano fresco
oregano seco
ostras
palitos de cangrejo congelados
palmito en conserva
paloma
palometa
pan blanco de molde
pan blanco de trigo
pan blanco tostado
pan de centeno
pan de pasas
pan de trigo y de centeno
pan integral de molde
pan integral de trigo
pan integral tostado
pan multicereales
pan rallado
panceta
panecillos hechos con aceite de oliva
panga, filete
papaya
pasas
pasta
pasta al huevo
pasta integral
pasta rellena con carne hervida
pasta rellena con queso hervida
pastas de te
pasteles y otros dulces (a)
patata (b)
patata nueva (mayo a septiembre)
patata vieja (febrero a junio)
patatas fritas de bolsa (h)
patatas prefritas congeladas
pato
pate de higado de cerdo (30 % grasa) (f)
pate de higado de cerdo (30% grasa) (f)
pavo, deshuesado, sin piel
pavo, muslo con piel
pavo, pechuga
pavo, pechuga sin piel
pavo, sin piel
pepinillos en vinagre
pepino
pera
pera en almibar
perca, filete
percebes
perdiz
perejil fresco
pescadilla
pescadilla en filetes sin piel
pez espada
picatostes
pimenton
pimienta blanca
pimienta negra
pimiento morron
pimiento rojo
pimiento verde
pipas de calabaza secas con cascara
pipas de calabaza sin cascara tostadas sin sal
pistacho con cascara
piña
piña en almibar
piña enlatada en su jugo
piñones sin cascara
platano macho o harton
platano
platano macho o harton
pollo
pollo, pechuga
pomelo
puerro
puerro en conserva
pulpo
pure de castañas
pure de patata en escamas sin reconstituir
pure de patata reconstituido con agua
queso azul
queso brie
queso camembert
queso cheddar
queso de bola
queso de burgos
queso de cabra curado
queso de cabra tierno
queso de cabrales
queso edam
queso emmental
queso en lonchas
queso en porciones
queso en porciones descremado
queso feta
queso gorgonzola
queso gouda
queso gruyer
queso idiazabal
queso mahon
queso manchego curado
queso manchego semicurado
queso mozzarella
queso para untar
queso parmesano
queso quark 20%  en materia seca
queso quark descremado
queso rallado
queso roquefort
queso tetilla
quinoa
quisquilla
camaron
rabo de toro
rape
raya
refrescos sin calorias
regaliz
remolacha
remolacha en conserva
repollo
repollo chino
requeson
rodaballo
ron (40%vol)
rabanos
sacarina
sal fina de mesa
sal yodada de mesa
salami
salchichas frescas
salchichas tipo frankfurt (20 % grasa)
salchichas tipo frankfurt (20% grasa)
salchichas vegetales
salchichon
salmonete
salmon
salmon ahumado
salsa agridulce
salsa al curry
salsa barbacoa
salsa bechamel
salsa carbonara
salsa de soja
salsa de tabasco
salsa inglesa, perrins, worcestershire o worcester
salsa picante
salsa rosa
salsa tamari
salsa tartara
salsa verde
sandia
sardinas
sardinas en aceite
sardinas en escabeche
sardinas en salsa de tomate
sargo
sepia
setas
sidra (5%vol)
sobaos
sobrasada
soja seca
soja, brotes (en conserva)
sorbete de limon
suizo
semola de trigo
sesamo, semilla de ajonjoli
tahine o pasta de sesamo
tapioca (harina)
tempeh
ternera, carne magra
ternera, carne semigrasa
ternera, chuleta
tocino
tofu
tomate
tomate al natural enlatado
tomate frito (h)
tomillo seco
tortas de maiz
tortillas de harina de trigo para burritos listas para hornear o freir
trigo, gluten para preparar seitan
trucha
trufa cruda
trufa de chocolate
turron
turron de alicante (duro)
turron de jijona (blando)
te, infusion (sin azucar)
uvas blancas
uvas negras
vainilla, extracto
vermu (17%vol)
vieira
vinagre
vinagre balsamico
vinagre de sidra
vino de mesa (tinto, blanco, rosado) (13% vol)
vino de mesa (tinto, blanco, rosado) (13%vol)
vinos dulces (malaga, oporto, moscatel) (19% vol)
vinos dulces (malaga, oporto, moscatel) (19%vol)
vinos finos (jerez, manzanilla, etc.) (20%vol)
vinos finos (jerez, manzanilla, etc.) (20%vol)\"palomino fino\"
vodka (40%vol)
wasabi, raiz
whisky (40%vol)
yema de huevo
yogur desnatado natural
yogur entero de sabores
yogur entero natural
yogur entero natural azucarado
yogur griego
yuca, mandioca, casava
zanahoria
zanahoria en conserva
zumo de citricos
zumo de frutas no citricas
zumo de lima
zumo de limon
zumo de mandarina
zumo de manzana
zumo de melocoton
zumo de naranja
zumo de naranja natural
zumo de piña
zumo de pomelo
zumo de uva
cayena
cucharada de vinagre balsamico
cucharadita de pimenton de la vera
hueso de ternera
huesos de caña
sobres de cuajada
 de salvia seca y picada
granos de pimienta
granos de pimienta negra
ud de brochetas
 de agar-agar en polvo
tostaditas de pan con nueces
gotas de cuajo liquido
bolsitas de tinta de calamar
cabezas de merluza
clavos
cucharadas de azucar
cucharaditas de curry
cucharaditas de paprika (o pimenton dulce)
cucharaditas de pimenton dulce
cucharaditas de salsa perrins
guindillas picantes
hojas de laurel
palos de canela
pimientas cayena
pimientas cayena (opcional)
ramas de canela
ramas de oregano
ramitas de romero
ud de laminas de pasta filo
alcaparras
 de acederas
 de sal para el marinado
 de aceite de oliva
 de aceite de oliva para freir
 de espinazo
 de hielo picado
 de huesos de ternera
chiles jalapeños
clavos
cucharaditas de menta picada
hojas de laurel
hojas de menta fresca
 de agua de azahar
 de aceite de oliva
alcaparras
bolsitas congeladas de tinta de chipiron
bolsitas de tinta de calamar
gotas de vinagre
guindillas secas pequeñas
hojas de gelatina
hojas de menta
hojitas de laurel
palitos de canela
ramas de estragon
sacarinas
sobres de te
 de alcaparras (optativo)
 de panecillos
 de salsa de chipiron
 de hinojo fresco
alcaparras
bayas de enebro
gotas de aroma de vainilla liquido
granos de clavo de guiso
hebras de azafran
 de pimienta verde en conserva
bolitas de pimienta
cubitos de hielo
hilos de azafran
hojas de laurel
agua de azahar
 de preparado de tila, menta y pasiflora
brochetas de tamaño mediano
brochetas pequeñas de madera
cubitos de hielo
gotas de angostura
ud de tartaletas de pasta quebrada
aceite de girasol para freir
aceite de girasol para freir (unos 400 )
aceite de girasol, para freir
aceite de oliva suave para cubrir
aceite para freir
acompañamiento de la masa
adornos de helados (sombrillas, perlitas de azucar...)
agua de rosas (unas gotas)
albahaca
albahaca fresca
albahaca seca
albahaca seca y troceada
alcaparras
alioli de aguacate suave con limon
anis en esencia
aromas al gusto (vainilla, limon, canela...)
azafran
azafran (optativo)
azafran en hebra
azucar (opcional)
azucar al gusto
azucar glass
azucar glass para decorar
base
bayas de enebro (optativo)
bizcocho
bouquet garni
cabezas y cascaras de los cangrejos
cabezas y cascaras de los langostinos
cafe fuerte
canela (optativo)
canela en polvo y azucar mezclada para espolvorear
canela en rama
canela en rama (piel de limon o vainilla)
canela molida
caramelo liquido
cebollino
cebollino fresco
cebollino para decorar
chili en polvo
chutney de piña
cilantro
clavo
cobertura de chocolate
cobertura
colorante alimentario de diferentes colores en formato pasta
colorante alimenticio
colorante alimenticio de color verde
colorante alimenticio rojo (optativo)
comino
comino en polvo
corteza de limon
corteza de naranja
crema pastelera
crema cobertura de chocolate
crema de chocolate
crema de chocolate para cubrir el bizcocho
crema de mantequilla con merengue
crema de menta
crema de queso
cuajo liquido
cuerda para atar
cuerda para bridar
curry
curry en polvo
cascara de lima
cascara de limon
cascara de mandarina
cascara de media naranja
cascara de medio limon
cascara de naranja
cascara de un limon
cascara de una naranja
cascaras de gambas (o langostinos crudos)
cascaras y cabezas de cigalitas
cascaras y cabezas de las cigalas crudas
curcuma (optativo)
decoracion de fideos de chocolate y azucar
el zumo de media lima
empanado
eneldo
eneldo fresco
esencia de melocoton sin alcohol (unas gotas)
esencia de vainilla
esencia de vainilla (unas gotas)
especias
especias mixtas (una mezcla de cuatro)
especias variadas
especias variadas (al gusto)
espinas de merluza
espinas de rape
estragon
estragon fresco
extracto de vainilla
extracto de vainilla liquida
gelatina de mojito
glasa de azucar
guarnicion de la ensalada
guarnicion
guindilla
guindilla (optativo)
guindilla fresca
guindilla roja
guindillas verdes
guisantes frescos (optativo)
hebras de azafran
hebras de azafran (o una cucharadita de colorante alimenticio)
hebras de azafran (opcional)
hebras de azafran (optativo)
hebras de azafran o colorante alimentario (optativo)
hielo picado
hielos en cantidad
hierbabuena
hierbas aromaticas
hierbas aromaticas (perejil, oregano, tomillo, comino molido...)
hierbas aromaticas (romero, espliego, albahaca y perejil)
hierbas aromaticas (tomillo, albahaca)
hierbas aromaticas (tomillo, oregano y laurel)
hierbas aromaticas (tomillo, oregano, canela en rama, laurel)
hierbas aromaticas y especias (al gusto)
hierbas finas
hierbas frescas
hierbas variadas (tomillo, oregano, pimientas variadas...)
hilo para atar los pichones
hinojo
hinojo fresco
hojas de calendula (optativo)
hojas de estragon fresco
hojas de oregano
hojas de perejil
ingredientes del relleno
ingredientes masa quebrada
ingredientes para el parmentier de manzana
ingredientes para la bechamel
ingredientes para la bechamel
ingredientes para masa quebrada
ingredientes relleno del quiche
ingredientes relleno del quiche
jengibre
jengibre fresco
jengibre recien rallado
laurel
laurel en polvo, tomillo, estragon y romero (al gusto)
laurel, salvia y romero
laurel, tomillo, pimenton dulce y picante, pimienta en grano y comino
lavanda
marinado
masa quebrada
masa quebrada
masa de crepes
masa de empanada
masa de empanada
media naranja
mejorana
mejorana seca
menta
menta fresca
mezcla de cilantro, hinojo, pimienta negra, comino y jengibre en polvo
mezcla de espacias
mezcla de regaliz, anis, menta y melisa
miel al gusto
moldes de pasteleria para hacer huevos
mostaza
nuez moscada
oregano
oregano (al gusto)
oregano fresco
oregano seco
oregano y albahaca (al gusto)
palo de canela
paprika
para acompañar las crepes
para acompañar
para decorar
para el ajo arriero
para el fumet o caldo de pescado
para el glase
para el helado de naranja
para el almibar oscuro
para el arroz salteado
para el caldo de pescado
para el caramelizado
para el escabeche
para el guiso de rabo de toro
para el merengue horneado
para el pure de patata
para el relleno de txangurro
para el sabayon
para el salmorejo
para la crema de mantequilla
para la arena crujiente
para la coca
para la crema de mantequilla
para la crema de patata
para la crema pastelera
para la crema sabayon
para la guarnicion de champiñones
para la masa de las crepes
para la masa de pizza casera
para la masa madre
para la masa prinicipal
para la porrusalda
para la salsa cocktail
para la salsa roquefort
para la salsa agridulce de miel
para la salsa alioli
para la salsa bechamel
para la salsa de pedro ximenez y trufa
para la salsa de acompañamiento
para la salsa de marisco
para la salsa de mejillones
para la salsa pesto
para la salsa rosa
para la salsa vizcaina
para la salsa
para la tempura
para la vinagreta de frambuesas
para la vinagreta
para las bolitas de rape
para las natillas
para las torrijas
para las uvas caramelizadas
para los crepes
para rebozar
peladura de 1/2 limon
perejil
perifollo
perlitas de azucar para decorar
piel de limon
pimenton
pimenton (dulce o picante)
pimenton dulce
pimenton dulce (o paprika)
pimenton dulce y cayena
pimenton dulce y picante
pimenton picante
pimenton picante (o dulce)
pimenton rojo
pimienta
pimienta (o jengibre)
pimienta (optativo)
pimienta 5 bayas
pimienta blanca
pimienta blanca (opcional)
pimienta blanca molida
pimienta cayena
pimienta de 5 bayas para moler
pimienta en grano
pimienta en granos
pimienta en polvo
pimienta molida
pimienta negra
pimienta negra en grano
pimienta negra molida
pimienta rosa
pimienta rosa recien molida
pimienta verde
pimienta verde en conserva
pimienta verde fresca
pimientas frescas
pimientas molidas
pimientas recien molidas
pimientas variadas
pimientas variadas en grano
pimientas variadas en molinillo
pimientas variadas molidas
pimientas variadas recien molidas
pimientas variadas secas
pizca de pimienta cayena
pure de patata para acompañar
paprika
ralladura de jengibre
ralladura de la cascara de un limon
ralladura de la cascara de una naranja
ralladura de lima
ralladura de lima y unas gotitas de su zumo
ralladura de limon
ralladura de limon (o naranja)
ralladura de media naranja
ralladura de medio limon
ralladura de naranja
ralladura de pomelo
ralladura fina de limon
ramitas de canela
ramitas de romero
raspadura de limon
relleno de las crepes
relleno del quiche lorraine
relleno del quiche
relleno
rellenos del quiche lorraine
rellenos
romero
romero fresco
romero seco
sal
sal gruesa (el doble de peso de la dorada)
sal gruesa para la salmuera (1 kilo)
sal yodada y pimienta
sal yodada y pimienta blanca
salsa teriyaki
salsa alioli
salsa barbacoa
salsa bechamel
salsa cocktail
salsa de ajos
salsa de albahaca fresca
salsa de barbacoa
salsa de queso cheddar
salsa de tomate
salsa de yogur
salsa demiglace
salsa kebab casera
salsa mayonesa casera
salsa rosa
salsa tartara
tabasco
tomillo
tomillo fresco
tomillo seco
tomillo y cebollino
tomillo, oregano y albahaca
trozo cabeza de rape
tulipa de almendra
un chile en conserva
un chile pequeño en conserva
un chile picante
un chile serrano
un chile verde
un chorrito de limoncello (licor de limon)
un chorrito de zumo de lima
un clavo
un hueso
un hueso de cerdo
un hueso de espinazo
un hueso de jamon
un hueso de lacon
un hueso de ternera
un manojo de salsifi
un molinillo de pimientas 5 bayas
un palo de canela
un palo de vainilla
un poco de harina
un poco de harina de tempura
un poco de mayonesa al curry
un poco de mayonesa con pepinillo
un poco de mayonesa guarnecida, batida con pepinillo, cebolleta, pimiento verde picado
un poco de queso
un rollito de hierbas aromaticas
un sobre de azafran
un sobre de azafran en rama
un sobre de infusion de frutos del bosque
un tallo de puerro
un tallo de tomillo limonero
un toque de jengibre
un toque de paprika
un toque de tabasco
un toque de vainilla
un toque de vodka (opcional)
un trocito de barra de vainilla
un trocito de guindilla picante
un trocito de limon
un trocito de vainilla en rama
un trozo de guindilla
un vaso de hielo picado
una bolsita de tinta de calamar (o la tinta de los chipirones)
una cabeza de mero
una cabeza de rape
una cucharada de mostaza de dijon
una cucharadita de bicarbonato
una cucharadita de colorante alimentario
una cucharadita de granos de anis
una cucharadita de pimenton
una cucharadita de semillas de anis
una cucharadita de vainilla
una cucharadita de vinagre de jerez
una guindilla
una guindilla (opcional)
una guindilla pequeña seca
una guindilla roja
una guindilla roja seca
una guindilla seca
una hoja de laurel
una jarra con hielo
una pizca de ajo
una pizca de azucar avainillado
una pizca de canela
una pizca de canela molida
una pizca de cayena
una pizca de esencia de vainilla
una pizca de especies marroquies
una pizca de jengibre
una pizca de nuez moscada
una pizca de perejil
una pizca de pimenton
una pizca de pimenton dulce
una pizca de pimienta
una pizca de pimienta blanca
una pizca de pimienta negra
una pizca de pimientas 5 bayas
una pizca de pimientas variadas
una pizca de ralladura de jengibre
una pizca de ralladura de limon
una pizca de sal
una pizca de sal aromatizada con limon
una pizca de sal con pimenton
una pizca de sal en escamas
una pizca de sal en escamas aromatizada con hongos
una pizca de vainilla
una pizca de wasabi
una puntita de chile o de cayena
una puntita de pimienta cayena
una rama de albahaca
una rama de artemisia
una rama de canela
una rama de romero
una rama de vainilla
una ramita de canela
una ramita de hierbas
una ramita de laurel
una ramita de oregano fresco
una ramita de romero fresco
una ramita de romero seco
una ramita de tomillo limonero
una ramita de vainilla
una rodajita de jengibre fresco
una sacarina
una vaina de vainilla
una vaina de vainilla (abierta por la mitad)
una vaina seca de vainilla
unas gotas de perrins
unas gotas de achicoria
unas gotas de campari
unas gotas de limon
unas gotas de salsa perrins
unas gotas de salsa de soja
unas gotas de salsa perrins
unas gotas de tabasco
unas gotas de vinagre
unas gotas de vinagre de sidra
unas gotas de vino moscatel
unas gotas de zumo de limon
unas gotitas de coñac
unas gotitas de coñaca
unas gotitas de granadina
unas gotitas de limon
unas gotitas de zumo de limon
unas gotitas de zumo de naranja
unas gotittas de salsa de tabasco
unas hebras de azafran
unas hojas de albahaca
unas hojas de albahaca fresca
unas hojas de hierbabuena
unas hojas de lechuga
unas hojas de lechugas variadas
unas hojas de lechugas variadas como guarnicion
unas hojas de menta
unas hojas de menta fresca
unas hojas de perejil
unas hojas de perejil y de eneldo
unas hojitas de cilantro
unas hojitas de perejil
unas pimientas recien molidas
unas ramitas de cebollino
unas ramitas de cebollino fresco
unas ramitas de perejil
unas ramitas de tomillo
unos granitos de pimienta negra
unos tallos de cebollino
vaina de vainilla
vainilla
vainilla (unas gotas)
vainilla en polvo
vinagreta con pipas de calabaza
vinagreta con uvas pasas
vinagreta de fresas
vinagreta de manzana
vinagreta de naranja
vinagreta
aceite de girasol para freir
aceite de oliva para freir
aceite de oliva suave para freir
aceite para freir
aceite para freir las croquetas
aceite para freir las patatas
aceite para rebozar
agua de azahar
agua tibia a demanda
albahaca
almejas y berberechos frescos (optativo)
azucar glass
azucar glass para decorar
azucar para el marinado (4 cucharadas)
brotes de soja o de alfalfa
cabezas y cascaras de langostinos
canela en polvo
canela en polvo y azucar glass
canela en rama
cascara de limon
clavo de olor
corteza de limon
crujiente de cebolla
crujiente de jamon
cuajo liquido
cucharada de cacao puro en polvo
cascara de medio limon
espinas y parte de la cabeza del rape
espinas y piel de merluza
flores de romero (optativo)
frutas rojas
gotas de tabasco
gotitas de zumo de limon
hebras de azafran
hierbabuena
hoja de laurel
hojas de lechugas
hojas de lechugas variadas
hojas de perejil
hojas de rucula
las cascaras de las gambas
macedonia (fresas, kiwi y piña)
onza de chocolate negro
opcional (jamon, gambas, bacalao, etc.)
oregano
oregano (opcional)
panecillos fritos
perejil
pimenton dulce
pimenton picante
pimienta blanca molida
pimienta cayena
pimienta negra molida
pimientas variadas
pimientas variadas molidas
pimientas varidas
pizca de canela
pizca de canela en polvo
pizca de clavo molido
pizca de comino
pizca de curry
pizca de curcuma
pizca de jengibre en polvo
pizca de levadura en polvo
pizca de nuez moscada rallada
pizca de pimenton
pizca de pimienta blanca
pizca de sal
pizca de tabasco (si queremos que pique)
pizca de tomillo seco
pizca de vainilla
puntita de canela
ralladura de lima
ralladura de limon
ralladura de limon y narnaja
ralladura de naranja
ralladura de naranja y limon
ralladura de una naranja
ramillete de hierbabuena
ramillete de hierbas aromaticas (laurel, tomillo y romero)
ramitas de cebollino
rayadura de cascara de limon
rayadura de piel de limon
rodajita de guindilla seca
rodajita de jengibre fresco
sal
sal (si hiciese falta)
sal en escamas
sal en escamas al limon
sal en escamas de pimenton
sal o salsa de soja
salvia picada seca
tallos de cebollino
tallos de cebollino fresco
tostadas de pan de txapatita
trocitos de cholocolate y naranja confitada para decorar
un arito de guindilla seca
un chorrito de vinagre balsamico
un diente de ajo
un palo de canela
un par de cucharadas del jugo de trufa
un poco de mantequilla y azucar glass para pintar al final
un ramillete de menta
un trocito de guindilla seca
un trocito de vaina de vainilla
una cucharada de semillas de sesamo tostado
una cucharadita de agua de azahar
una cucharadita de pimenton
una cucharadita de pimenton de la vera
una cucharadita de ralladura de limon y naranja
una hoja de laurel
una pastilla de caldo de carne
una pizca de mostaza de dijon
una pizca de ajo
una pizca de azucar
una pizca de azucar avainillado
una pizca de canela
una pizca de esencia de vainilla
una pizca de guindilla cayena
una pizca de guindilla seca
una pizca de levadura en polvo
una pizca de oregano
una pizca de oregano seco
una pizca de pimenton
una pizca de pimenton dulce
una pizca de pimenton dulce y cayena
una pizca de pimenton dulce y picante
una pizca de pimenton picante
una pizca de pimienta
una pizca de pimienta blanca
una pizca de pimienta cayena
una pizca de pimienta molida
una pizca de pimienta negra
una pizca de pimienta negra en grano
una pizca de pimientas variadas
una pizca de ralladura de limon
una pizca de sal
una pizca de sal en escamas
una pizca de sal en escamas aromatizadas con hongos
una pizca de sal y pimienta rosa
una pizca de vainilla
una puntita de ajo
una puntita de pimienta cayena
una rama de tomillo
una ramita de romero
una ramita de tomillo
una rodajita de jengibre fresco
una rodajita de pimienta cayena
una rodajita de pimienta cayena picante
unas bayas o frutos rojos
unas bolas de pimienta negra
unas gotas de salsa perrins
unas gotas de agua
unas gotas de colorante alimentario rojo
unas gotas de colorante alimenticio verde
unas gotas de coñac
unas gotas de limon
unas gotas de salsa perrins
unas gotas de salsa de soja
unas gotas de tabasco (opcional)
unas gotas de vinagre
unas gotas de vinagre de sidra
unas gotas de vinagre de vino blanco
unas gotas de zumo de limon
unas gotas de zumo de naranja
unas gotitas de coñac
unas gotitas de zumo de naranja
unas gotitas de zumo de narnja
unas guindas para decora
unas hebras de azafran
unas hojas de albahaca
unas hojas de albahaca fresca
unas hojas de estragon
unas hojas de hierbabuena
unas hojas de lechuga
unas hojas de lechugas
unas hojas de lechugas limpias
unas hojas de lechugas variadas
unas hojas de menta
unas hojas de perejil
unas hojas de perejil fresco
unas hojas de perejil y tomillo fresco
unas hojas de perjil
unas hojas de tomillo fresco
unas hojitas de albahaca fresca
unas hojitas de eneldo
unas hojitas de menta
unas hojitas de perejil
unas hojitas de perejil y de eneldo
unas hojitas de tomillo fresco
unas lascas de jamon serrano (opcional)
unas pimientas variadas
unas ramas de menta
unas ramas de perejil
unas ramitas de cebollino
unas ramitas de perejil
unas ramitas de tomillo fresco
unas rodajas de tomate fresco
unas tiras de mango
unos congitos
unos granos de pimienta negra
unos picatostes de pan o taquitos de bonito marinado
unos tallo de cebollino
unos tallos de cebollino
unos tallos de cebollino fresco
unos tallos de cebollino para decorar
vaina de vainilla
virutas de chocolate
azucar
harina
yogur
huevos
levadura
platanos
ron
arroz
arroz redondo
canela
bacon
leche
huevo
yemas de huevo
avellanas
ajos frescos
tomates
queso
esparragos verdes
esparragos
mousse
pavo
pechuga de pavo
chorizo
tallarines
ternera
pimientos verdes
pimientos amarillos
jamon
lomo de cerdo
lomo
vino
vino blanco
cebolla
maizena
maicena
calamar
calamares
zanahorias
berenjenas
arandanos
yogures
patata
patatas
guisantes
pimientos
pepinillo
pepinillos
mayonesa
conejo
boquerones
aceitunas
piñones
aceite
cerveza
limones
almendras
alcachofas
cebollas
galletas
mejillones
ajos
semillas de sesamo
anchoas
alcachofa
calabacines
pan
nueces
manzanas
gula
gulas
fresa
fresas
cuscus
salchicha
salchichas
codrniz
codornices
puerros
jerez seco
brandy
chalotas
chalota
cochinillo
chicharo
chicharos
mani
maní
cerdo